// Jest Snapshot v1, https://goo.gl/fbAQLP

exports[`App renders correctly 1`] = `
<div
  className="App"
>
  <h1>
     Job hunting sucks...hahah... But here we go :) 
  </h1>
  <form
    onSubmit={[Function]}
  >
    <div
      className="input-wrapper"
    >
      <label
        htmlFor="firstName"
      >
        First Name
      </label>
      <input
        id="firstName"
        name="firstName"
        onBlur={[Function]}
        onChange={[Function]}
        type="text"
        value=""
      />
    </div>
    <div
      className="input-wrapper"
    >
      <label
        htmlFor="lastName"
      >
        Last Name
      </label>
      <input
        id="lastName"
        name="lastName"
        onBlur={[Function]}
        onChange={[Function]}
        type="text"
        value=""
      />
    </div>
    <div
      className="input-wrapper"
    >
      <label
        htmlFor="email"
      >
        Email Address
      </label>
      <input
        id="email"
        name="email"
        onBlur={[Function]}
        onChange={[Function]}
        type="email"
        value=""
      />
    </div>
    <div
      className="input-wrapper"
    >
      <label
        htmlFor="password"
      >
        Password
      </label>
      <input
        id="password"
        name="password"
        onBlur={[Function]}
        onChange={[Function]}
        type="password"
        value=""
      />
    </div>
    <button
      disabled={true}
      type="submit"
    >
      Submit
    </button>
  </form>
</div>
`;
